222iiiiiiiiiiiiaaaHHHiiiiiiiiiiiiiii'''\\\iiiiiiiiiiiiiii@@@hhhiiiiiiiiiiiiiiiXXX





000iiiiiiiiiiiiiiiiiihhh





EEEiiiiiiiiiiiiiiiiiiiii777





[[[iiiiiiiiiiiiiiiiiiiiiQQQ





hhhiiiiiiiiillliiiiiiiiifff





...iiiiiiiii~~~¤¤¤uuuiiiiiiiii...





CCCiiiiiiiii………§§§{{{iiiiiiiiiGGG





XXXiiiiiiiii```\\\ccciiiiiiiii```





gggiiiiiiiiiXXXFFF]]]iiiiiiiiiiii%%%





---iiiiiiiiiiiiSSSFFFYYYiiiiiiiiiiii???000000000---





CCCiiiiiiiiikkkQQQFFFWWWkkkiiiiiiiiiZZZ444444444111





WWWiiiiiixxxƒƒƒPPPFFFZZZƒƒƒzzzjjjiiihhh444444444111





fffiiittt„„„ƒƒƒJJJGGGSSS„„„„„„xxxiiiiii999444444444111





///iiiiiippp„„„„„„;;;pppBBB„„„„„„tttiiiiiiRRR+++++++++)))





CCCiiiiiiiiiooozzz???qqqEEE{{{qqqiiiiiiiiifff





WWWiiiiiiiiiiiiiiiiiiiiiiiiiiiiiiiiiiiiiiiiii333





gggiiiiiiiiiiiiiiiiiiiiiiiiiiiiiiiiiiiiiiiiiiKKK





...iiiiiiiiiiiiiiiiiiiiiiiiiiiiiiiiiiiiiiiiiiiiiaaa





AAAiiiiiiiiiiiiiiiiiiiiiiiiiiiiiiiiiiiiiiiiiiiiiiii)))





UUUiiiiiiiiiiiiiiiiiiiiiiiiiiiiiiiiiiiiiiiiiiiiiiiiAAA