=5/xiFxiFxiFxiFpbCVK9xiFxiFxiFxiFxiF,'(n`BxiFxiFxiFxiFxiFKB4!$xiFxiFxiFxiFxiFxiFgZ?



81-xiFxiFxiFxiFxiFxiFwhF#



QG7xiFxiFxiFxiFxiFxiFxiF=5/



j\@xiFxiFxiFxiFxiFxiFxiF\P;



#whFxiFxiFxiFzjHxiFxiFxiFtfE!



60,xiFxiFxiFê{Yøú~ävTxiFxiFxiF3-+



OF6xiFxiFxiFòÄ_ƒ†ÇèzYxiFxiFxiFRH7



h[@xiFxiFxiFÄS>î<:~Y@xiFxiFxiFnaB



"whExiFxiFxiFÇG9å(-ÄO<xiFxiFxiFxiF'#&



2,+xiFxiFxiFxiFÖ@6å(-ÇI:xiFxiFxiFxiFD<2 4,&4,&4,&2*%



KB4xiFxiFxiFyjFà83å(-ÜC8yjGxiFxiFxiFcV> <2(<2(<2(90'



dW>xiFyjGàxPìÇWç32å(-èB9ïÉWäzQzkGxiFvhF" <2(<2(<2(90'



"vgExiFÖuNñÑXñÑXá,/ã+.â84ñÑXñÑXâyPxiFxiF@8($<2(<2(<2(:0'



70#xiFxiFÄqKïÉXñÑX:43ÅpOE>7ñÑXñÑXÑtMxiFxiF\Q7!0(!0(!0(!/' 



ND/xiFxiFxiF~nJäyQ?:5ÄqOIC8ãzQÄpKxiFxiFxiFseD 



eX<xiFxiFxiFxiFxiFxiFxiFxiFxiFxiFxiFxiFxiFxiF70#



!ufDxiFxiFxiFxiFxiFxiFxiFxiFxiFxiFxiFxiFxiFxiFQG1



3,!xiFxiFxiFxiFxiFxiFxiFxiFxiFxiFxiFxiFxiFxiFxiFk]?



J@-xiFxiFxiFxiFxiFxiFxiFxiFxiFxiFxiFxiFxiFxiFxiFxiF+&



`T9xiFxiFxiFxiFxiFxiFxiFxiFxiFxiFxiFxiFxiFxiFxiFxiFG=+